PASS  1) Smart Documents editor opens
PASS  2) "+" button exists in toolbar
PASS  3) Clicking "+" opens the menu
PASS  4) Menu appears near the "+" button  -> {"menu":{"left":469,"top":131,"right":649,"bottom":390,"w":180,"h":259},"btn":{"left":468,"top":86,"right":534,"bottom":124}}
PASS  5) Menu contains exactly 6 options  -> text,heading,table,image,divider,new-page
PASS  6) Text option present
PASS  7) Heading option present
PASS  8) Table option present
PASS  9) Image option present
PASS  10) Divider option present
PASS  11) New Page option present
PASS  Menu: no JS errors
PASS  12) Second click on "+" closes the menu
PASS  13) Clicking outside closes the menu
PASS  14) Escape closes the menu (editor stays open)
PASS  Selecting text closes the menu
PASS  Selecting heading closes the menu
PASS  Selecting table closes the menu
PASS  Selecting image closes the menu
PASS  Selecting divider closes the menu
PASS  Selecting new-page closes the menu
PASS  21) Text produces a visible element in content
PASS  22) Text element is editable
PASS  23) Heading produces a visible heading element  -> H2
PASS  24) Heading element is editable
PASS  25) Table produces a visible table (3x3)  -> {"visible":true,"rows":3,"cells":3}
PASS  26) Divider produces a visible divider
PASS  27a) Image option opens an image File Picker
PASS  27b) Selected image is inserted into the document
PASS  28) New Page adds an actual page  -> pages 1->2
PASS  29) Canvas stays A4 (ratio ~1.414, data-canvas=document)  -> {"w":441,"h":624,"ratio":1.4149659863945578,"dataCanvas":"document"}
PASS  30) No page-level horizontal overflow  -> overflow=0
PASS  No JS errors during insertions
PASS  31) AR: menu direction is rtl  -> dir=rtl
PASS  38) No English leakage in Arabic menu  -> نص | عنوان | جدول | صورة | فاصل | صفحة جديدة
PASS  32) EN: menu direction is ltr  -> dir=ltr
PASS  32.b) EN: localized labels  -> Text | Heading | Table | Image | Divider | New Page
PASS  33) FR: menu direction is ltr  -> dir=ltr
PASS  33.b) FR: localized labels  -> Texte | Titre | Tableau | Image | Séparateur | Nouvelle page
PASS  34) ES: menu direction is ltr  -> dir=ltr
PASS  34.b) ES: localized labels  -> Texto | Título | Tabla | Imagen | Separador | Nueva página
PASS  35) TR: menu direction is ltr  -> dir=ltr
PASS  35.b) TR: localized labels  -> Metin | Başlık | Tablo | Resim | Ayırıcı | Yeni Sayfa
PASS  36) RU: menu direction is ltr  -> dir=ltr
PASS  36.b) RU: localized labels  -> Текст | Заголовок | Таблица | Изображение | Разделитель | Новая страница
PASS  37) DE: menu direction is ltr  -> dir=ltr
PASS  37.b) DE: localized labels  -> Text | Überschrift | Tabelle | Bild | Trennlinie | Neue Seite
PASS  39) Desktop 1280: menu opens
PASS  39.b) Desktop 1280: menu stays inside viewport  -> {"left":469,"top":131,"right":649,"bottom":390,"w":180,"h":259} vw=1280
PASS  39.c) Desktop 1280: no horizontal overflow  -> overflow=0
PASS  40) Tablet 768: menu opens
PASS  40.b) Tablet 768: menu stays inside viewport  -> {"left":213,"top":131,"right":393,"bottom":390,"w":180,"h":259} vw=768
PASS  40.c) Tablet 768: no horizontal overflow  -> overflow=0
PASS  41) iPhone 390: menu opens
PASS  41.b) iPhone 390: menu stays inside viewport  -> {"left":185,"top":179,"right":345,"bottom":450,"w":160,"h":271} vw=390
PASS  41.c) iPhone 390: no horizontal overflow  -> overflow=0
PASS  42) Android 360: menu opens
PASS  42.b) Android 360: menu stays inside viewport  -> {"left":185,"top":179,"right":345,"bottom":450,"w":160,"h":271} vw=360
PASS  42.c) Android 360: no horizontal overflow  -> overflow=0
PASS  43) Menu never exits viewport across viewports (verified per-viewport above)
PASS  44) No horizontal page overflow across viewports (verified per-viewport above)
PASS  46) Back works (returns to Smart Docs home, menu closed)
PASS  47) Smart Documents Home works  -> cards=4
PASS  48) Calculator works (7*6=42)  -> display=42
PASS  49) History works (panel opens)
PASS  50) Notes works (manager opens)
PASS  51) PART 8 regression: editor + white A4 canvas + content surface  -> {"canvasWhite":"rgb(255, 255, 255)","contentSurface":true,"editor":true}
PASS  52) PART 9 regression: toolbar unchanged (order + scrollable)  -> undo,redo,add,text,table,signature,image,logo,divider,border,page,page-number,page-settings,more / auto
PASS  45) No JS errors in regression pass

PART 10: 69/69 checks passed
FINAL: ALL PASS
